FAIL endpoint supplied by operator has a stable HTTPS origin: check failed at /mnt/data/work/organizer-worker/tests/pairing_test.cpp:57: coordinator_origin(" HTTPS://WORKER.Example.Test:443/ ")=="https://worker.example.test"
FAIL missing unsafe or ambiguous endpoints cannot become network destinations: check failed at /mnt/data/work/organizer-worker/tests/pairing_test.cpp:61: caught
PASS an absent endpoint fails before enrollment or key disclosure
FAIL credential reopen reconnects without a new enrollment: Endpoint-scoped resumable pairing is not implemented
FAIL credential canonicalization allows same origin but never a different server: Endpoint-scoped resumable pairing is not implemented
PASS corrupt saved credential never triggers silent reenrollment
FAIL successful pairing persists identity before returning and removes pending secret: Endpoint-scoped resumable pairing is not implemented
FAIL incompatible coordinator receives no public key or enrollment request: check failed at /mnt/data/work/organizer-worker/tests/pairing_test.cpp:83: f.http.requests.size()==1
FAIL lost initial response reuses durable request id rather than inventing another enrollment: syntax error [boost.json:1 at /usr/include/boost/json/basic_parser_impl.hpp:708:23 in function 'const char* boost::json::basic_parser<Handler>::parse_value(const char*, std::integral_constant<bool, StackEmpty_>, std::integral_constant<bool, AllowComments_>, bool, bool)']
FAIL lost approval response resumes same enrollment with its private key proof: check failed at /mnt/data/work/organizer-worker/tests/pairing_test.cpp:93: f.secrets.read(SecretSlot::pending_pairing)
PASS pending enrollment is never sent to a different endpoint
FAIL failed credential persistence preserves resumable approval and returns no success: check failed at /mnt/data/work/organizer-worker/tests/pairing_test.cpp:101: f.secrets.read(SecretSlot::pending_pairing)
FAIL pending cleanup failure cannot discard an already durable credential: Endpoint-scoped resumable pairing is not implemented
FAIL late approval after cancellation does not publish credentials: check failed at /mnt/data/work/organizer-worker/tests/pairing_test.cpp:108: f.secrets.read(SecretSlot::pending_pairing)
FAIL denial is explicit and cannot erase an existing pending record: Endpoint-scoped resumable pairing is not implemented
FAIL server revocation does not silently start another pairing: Endpoint-scoped resumable pairing is not implemented
FAIL rate limited polling waits and remains bounded by pairing expiry: check failed at /mnt/data/work/organizer-worker/tests/pairing_test.cpp:119: f.waits>0&&f.waits<310
PASS invalid permanent tokens and worker ids never reach credential storage
PASS media transfer requires exact approved HTTPS host
PASS well formed offer translates to validated typed job
PASS wire requests cannot smuggle arbitrary commands as capabilities
PASS negative or floating resource values are rejected
PASS unverified GPU is never requested by the CPU converter
PASS download digest is mandatory and strictly encoded
PASS input and output must fit declared temporary storage
PASS control message size and parser nesting are bounded
PASS null bytes cannot reach Win32 URL or process APIs
PASS Windows argument quoting preserves spaces quotes and trailing slashes
PASS converter receives local files not remote URLs or shell commands
PASS leases use the shorter of local and server remaining time
PASS expired and unsigned-underflow lease cases fail closed
PASS lease duration and monotonic addition cannot overflow
PASS accepted attempt and pending result survive journal reopen
PASS outbox cannot be acknowledged with wrong attempt or sequence
PASS repeated result does not create duplicate outbox entry
PASS attempt collision cannot change persisted payload
PASS restart exposes interrupted work without automatically rerunning it
PASS priority settings survive restart
PASS result without accepted job fails instead of making orphan output
PASS pending counter follows durable results and acknowledgements
PASS verified capabilities accept independent jobs concurrently
PASS missing capability fails closed
PASS installed but unverified does not mean capable
PASS local disabled vetoes a preferred server offer
PASS reservation consumes capacity before execution
PASS dynamic low memory rejects despite configured budget
PASS duplicate offer is idempotent
PASS changed duplicate payload is rejected
PASS same content job cannot run in two attempts on one host
PASS job guardrail is independent of resource budget
PASS oversized resource numbers cannot overflow accounting
PASS zero CPU or memory declaration is rejected
PASS invalid IDs cannot become filesystem paths
PASS expired reservation cannot be started
PASS start without lease is rejected
PASS replayed begin does not start a second process
PASS pause refuses new work but preserves active execution
PASS pause prevents an unstarted reservation from beginning
PASS only a valid fresh renewal extends the lease
PASS expired running lease cannot be revived by late renewal
PASS expiry returns unused reservations to the budget
PASS expired running job retains resources until child shutdown
PASS cancelling one job preserves the other
PASS duplicate finish cannot release resources twice
PASS simultaneous offers never oversubscribe
PASS two outstanding offers cannot both reserve the same live free memory
PASS disabling a capability prevents a reserved job from starting
PASS a duplicate offer cannot extend a reservation indefinitely
68 contracts, 14 failures
